// Vitest Snapshot v1

exports[`Preview.vue > should render with text 1`] = `"<div style=\\"display: none; overflow: hidden; line-height: 1px; opacity: 0; max-height: 0; max-width: 0;\\" v-bind=\\"[object Object]\\">Hello World <div> ‌​‍‎‏﻿ ‌​‍‎‏﻿ ‌​‍‎‏﻿ ‌​‍‎‏﻿ ‌​‍‎‏﻿ ‌​‍‎‏﻿ ‌​‍‎‏﻿ ‌​‍‎‏﻿ ‌​‍‎‏﻿ ‌​‍‎‏﻿ ‌​‍‎‏﻿ ‌​‍‎‏﻿ ‌​‍‎‏﻿ ‌​‍‎‏﻿ ‌​‍‎‏﻿ ‌​‍‎‏﻿ ‌​‍‎‏﻿ ‌​‍‎‏﻿ ‌​‍‎‏﻿ ‌​‍‎‏﻿ ‌​‍‎‏﻿ ‌​‍‎‏﻿ ‌​‍‎‏﻿ ‌​‍‎‏﻿ ‌​‍‎‏﻿ ‌​‍‎‏﻿ ‌​‍‎‏﻿ ‌​‍‎‏﻿ ‌​‍‎‏﻿ ‌​‍‎‏﻿ ‌​‍‎‏﻿ ‌​‍‎‏﻿ ‌​‍‎‏﻿ ‌​‍‎‏﻿ ‌​‍‎‏﻿ ‌​‍‎‏﻿ ‌​‍‎‏﻿ ‌​‍‎‏﻿ ‌​‍‎‏﻿ ‌​‍‎‏﻿ ‌​‍‎‏﻿ ‌​‍‎‏﻿ ‌​‍‎‏﻿ ‌​‍‎‏﻿ ‌​‍‎‏﻿ ‌​‍‎‏﻿ ‌​‍‎‏﻿ ‌​‍‎‏﻿ ‌​‍‎‏﻿ ‌​‍‎‏﻿ ‌​‍‎‏﻿ ‌​‍‎‏﻿ ‌​‍‎‏﻿ ‌​‍‎‏﻿ ‌​‍‎‏﻿ ‌​‍‎‏﻿ ‌​‍‎‏﻿ ‌​‍‎‏﻿ ‌​‍‎‏﻿ ‌​‍‎‏﻿ ‌​‍‎‏﻿ ‌​‍‎‏﻿ ‌​‍‎‏﻿ ‌​‍‎‏﻿ ‌​‍‎‏﻿ ‌​‍‎‏﻿ ‌​‍‎‏﻿ ‌​‍‎‏﻿ ‌​‍‎‏﻿ ‌​‍‎‏﻿ ‌​‍‎‏﻿ ‌​‍‎‏﻿ ‌​‍‎‏﻿ ‌​‍‎‏﻿ ‌​‍‎‏﻿ ‌​‍‎‏﻿ ‌​‍‎‏﻿ ‌​‍‎‏﻿ ‌​‍‎‏﻿ ‌​‍‎‏﻿ ‌​‍‎‏﻿ ‌​‍‎‏﻿ ‌​‍‎‏﻿ ‌​‍‎‏﻿ ‌​‍‎‏﻿ ‌​‍‎‏﻿ ‌​‍‎‏﻿ ‌​‍‎‏﻿ ‌​‍‎‏﻿ ‌​‍‎‏﻿ ‌​‍‎‏﻿ ‌​‍‎‏﻿ ‌​‍‎‏﻿ ‌​‍‎‏﻿ ‌​‍‎‏﻿ ‌​‍‎‏﻿ ‌​‍‎‏﻿ ‌​‍‎‏﻿ ‌​‍‎‏﻿ ‌​‍‎‏﻿ ‌​‍‎‏﻿ ‌​‍‎‏﻿ ‌​‍‎‏﻿ ‌​‍‎‏﻿ ‌​‍‎‏﻿ ‌​‍‎‏﻿ ‌​‍‎‏﻿ ‌​‍‎‏﻿ ‌​‍‎‏﻿ ‌​‍‎‏﻿ ‌​‍‎‏﻿ ‌​‍‎‏﻿ ‌​‍‎‏﻿ ‌​‍‎‏﻿ ‌​‍‎‏﻿ ‌​‍‎‏﻿ ‌​‍‎‏﻿ ‌​‍‎‏﻿ ‌​‍‎‏﻿ ‌​‍‎‏﻿ ‌​‍‎‏﻿ ‌​‍‎‏﻿ ‌​‍‎‏﻿ ‌​‍‎‏﻿ ‌​‍‎‏﻿ ‌​‍‎‏﻿ ‌​‍‎‏﻿ ‌​‍‎‏﻿ ‌​‍‎‏﻿ ‌​‍‎‏﻿ ‌​‍‎‏﻿ ‌​‍‎‏﻿ ‌​‍‎‏﻿ ‌​‍‎‏﻿ ‌​‍‎‏﻿ ‌​‍‎‏﻿ ‌​‍‎‏﻿ ‌​‍‎‏﻿ ‌​‍‎‏﻿</div></div>"`;
